<!DOCTYPE html>
<html lang="en">
<head>
  <meta charset="UTF-8">
  <title>Golden</title>
  <link rel="stylesheet" href="css/style.css">
</head>
<body>
  <header>
    <div class="container">
      <div class="heading clearfix">
        <img src="img/logo.png" alt="Golden" class="logo">
    
            <nav>
                <ul class="menu">
                  <li><a href="#">Home</a></li>
                  <li><a href="#">Services</a></li>
                  <li><a href="#">Portfolio</a></li>
                  <li><a href="#">About</a></li>
                  <li><a href="#">Contact</a></li>

                </ul>
            </nav>
      </div>
        <div class="titles">
          <div class="titles__first">
            Welcome to Our Studio!
          </div>
            <h1>It's nice to meet you</h1>
        </div>
          <a class="button" href="#">Tell me more</a>

    </div>
  </header>
    
  <section id="services">
    <div class="container">
        <div class="title">
          <h2>
            Services
          </h2>
          <p>Какая-то интересная строка</p>
        </div>
      <div class="services clearfix">
        <div class="services__item">
          <img src="img/icon1.png" alt="Услуга">
          <h3>E-Commerce</h3>
          <p>Много текста Много текста Много текста Много текста Много текста
          Много текста Много текста</p>
        </div>
        <div class="services__item">
          <img src="img/icon2.png" alt="Услуга">
          <h3>Responsive Web</h3>
          <p>Много текста Много текста Много текста Много текста Много текста
          Много текста Много текста</p>
        </div>
        <div class="services__item">
          <img src="img/icon3.png" alt="Услуга">
          <h3>Web Security</h3>
          <p>Много текста Много текста Много текста Много текста Много текста
          Много текста Много текста</p>
        </div>
      </div>
    </div>
  </section>

  <section id="Portfolio">
    <div class="container">
      <div class="title">
          <h2>
            Our Portfolio
          </h2>
          <p>Какая-то интересная строка</p>
        </div>
        <div class="works clearfix">
          <img src="img/img1.jpg" alt="Работа">
          <img src="img/img2.jpg" alt="Работа">
          <img src="img/img3.jpg" alt="Работа">
        </div>
    </div>
  </section>

  <section>
    <div class="container">
      <div class="about_us">
        <div class="about">
          <h1>About us</h1>
          <p>Какой-то интересный текст</p>
        </div>
    <div class="achieves">
      <div class="achieve__marg">
      <div class="achieve__item">
        <h3>July 2010 <br>
          Our Humble Beginnings</h3>
        <p>Proin iaculis purus consequat sem cure 
            digni ssim. Donec porttitora entum suscipit 
            aenean rhoncus posuere odio in tincidunt. Proin 
            iaculis purus consequat sem cure digni 
            ssim. Donec porttitora entum suscipit.</p>     
      </div>
      <div class="achive__img"><img src="img/about1.jpg" alt="Июль"></div>
      </div>
      
      <div class="achieve__marg">
        <div class="achieve__item2">
          <h3>January 2011 <br>
            Facing Startup Battles</h3>
          <p>Proin iaculis purus consequat sem cure 
              digni ssim. Donec porttitora entum suscipit 
              aenean rhoncus posuere odio in tincidunt. Proin 
              iaculis purus consequat sem cure digni 
              ssim. Donec porttitora entum suscipit.</p>     
        </div>
        <div class="achive__img"><img src="img/about2.jpg" alt="Январь"></div>
      </div>
      <div class="achieve__marg">
        <div class="achieve__item">
          <h3>December 2012 <br>
            Enter The Dark Days</h3>
            <p>Proin iaculis purus consequat sem cure 
            digni ssim. Donec porttitora entum suscipit 
            aenean rhoncus posuere odio in tincidunt. Proin 
            iaculis purus consequat sem cure digni 
            ssim. Donec porttitora entum suscipit.</p>
        </div>
        <div class="achive__img"><img src="img/about3.jpg" alt="Декабрь"></div>
      </div>
    <div class="achieve__marg">
      <div class="achieve__item2">
        <h3>february 2014
          Our Triumph<br>
            Facing Startup Battles</h3>
            <p>Proin iaculis purus consequat sem cure 
              digni ssim. Donec porttitora entum suscipit 
              aenean rhoncus posuere odio in tincidunt. Proin 
              iaculis purus consequat sem cure digni 
              ssim. Donec porttitora entum suscipit.</p>
      </div>
      <div class="achive__img"><img src="img/about4.jpg" alt="Февраль"></div>
    </div>
      </div>
    </div>
      </div>
    </div>
  </section>


  <footer>
      <div class="container">
        <p id="copyright">&copy; Copyright 2017 FreebiesXpress.com</p>
      </div>
  </footer>

        

</body>
</html>